PS C:\Users\MSI\Desktop\Archivos\projects> C:\Python313\python.exe c:/Users/MSI/Desktop/Archivos/projects/deskmon/main.py
[+] Discord RPC Connected.
Exception in Tkinter callback
Traceback (most recent call last):
  File "C:\Python313\Lib\tkinter\__init__.py", line 2068, in __call__
    return self.func(*args)
           ~~~~~~~~~^^^^^^^
  File "C:\Python313\Lib\tkinter\__init__.py", line 862, in callit
    func(*args)
    ~~~~^^^^^^^
  File "c:\Users\MSI\Desktop\Archivos\projects\deskmon\entities\pet.py", line 4315, in wrapper
    func(*args)
    ~~~~^^^^^^^
  File "c:\Users\MSI\Desktop\Archivos\projects\deskmon\entities\pet.py", line 2383, in physics_loop
    getattr(self, handler_name)()
    ~~~~~~~~~~~~~~~~~~~~~~~~~~~^^
  File "c:\Users\MSI\Desktop\Archivos\projects\deskmon\mechanics\types\bug.py", line 127, in _fsm_webbed
    if hasattr(self, 'animator'): self.animator.update_animation('idle', getattr(self, 'is_facing_right', True), self.canvas_image_id, True, getattr(self, 'frame_rate_idle', 100), scale=getattr(self, 'scale', 1.0))
                                  ~~~~~~~~~~~~~~~~~~~~~~~~~~~~~~^^^^^^^^^^^^^^^^^^^^^^^^^^^^^^^^^^^^^^^^^^^^^^^^^^^^^^^^^^^^^^^^^^^^^^^^^^^^^^^^^^^^^^^^^^^^^^^^^^^^^^^^^^^^^^^^^^^^^^^^^^^^^^^^^^^^^^^^^^^^^^^^^^^^^^
TypeError: DesktopPetAnimator.update_animation() got an unexpected keyword argument 'scale'. Did you mean 'state'?